NOTE- without model class we cant comminate db in django so we no neeed to write single line sql query its advantage of django


C:\Users\CHOTKA\Desktop\PYTHON\DjangoApps>django-admin startproject ViewModelDBDjangoApp

C:\Users\CHOTKA\Desktop\PYTHON\DjangoApps\ViewModelDBDjangoApp>python manage.py startapp testapp

Add application in settings.py 

#  open models.py which is present in testapp(application level)
models.py
---------
from django.db import models

# Create your models here.
class Employeee(models.Model):
    eno=models.IntegerField()
    ename=models.CharField(max_length=30)
    esal=models.FloatField()
    eadd=models.CharField(max_length=30)
    
 ''' table name=testapp_employee
     field name=eno,ename,esal,MessageMiddleware
   what is  Model  ?
   Model is a python class, it is the sub class of super models.Model class which is going to represent a db table
   table
  After Writing model class we need to follow two task
  1> makemigrations (convert python code into sql code )
  2> migrate (how to execute sql command take care by migrate)

python                    sql
models--->makemigrations--code---->migrate----db table
class     command                          command    creations
 
  '''
  ---------------------------------------------------------------------------------
  # after that run below command
  C:\Users\CHOTKA\Desktop\PYTHON\DjangoApps\ViewModelDBDjangoApp>python manage.py makemigrations
Migrations for 'testapp':
  testapp\migrations\0001_initial.py
    - Create model Employeee
# it will generate inside testapp's migt=rations folder on file will be generate name is 0001_initial.py
0001_initial.py
-----------------
# Generated by Django 2.1.3 on 2018-11-21 03:26

from django.db import migrations, models
class Migration(migrations.Migration):

    initial = True

    dependencies = [
    ]

    operations = [
        migrations.CreateModel(
            name='Employeee',
            fields=[
                ('id', models.AutoField(auto_created=True, primary_key=True, serialize=False, verbose_name='ID')),
                ('eno', models.IntegerField()),
                ('ename', models.CharField(max_length=30)),
                ('esal', models.FloatField()),
                ('eadd', models.CharField(max_length=30)),
            ],
        ),
    ]
--------------------------------------------------------
# after that run below command to create table                                                               
C:\Users\CHOTKA\Desktop\PYTHON\DjangoApps\ViewModelDBDjangoApp>python manage.py sqlmigrate testapp 0001   <---|
NOTE->django write these code no need to worry it will convert python  to sql code

BEGIN;
--
-- Create model Employeee
--
CREATE TABLE "testapp_employeee" ("id" integer NOT NULL PRIMARY KEY AUTOINCREMENT, "eno" integer NOT NULL, "ename" varchar(30) NOT NULL, "esal" real NOT NULL, "eadd" varchar(30) NOT NULL);
COMMIT;
----------------------------------------------------------
#  after that run below command
C:\Users\CHOTKA\Desktop\PYTHON\DjangoApps\ViewModelDBDjangoApp>python manage.py migrate
Operations to perform:
  Apply all migrations: admin, auth, contenttypes, sessions, testapp
Running migrations:
  Applying contenttypes.0001_initial... OK
  Applying auth.0001_initial... OK
  Applying admin.0001_initial... OK
  Applying admin.0002_logentry_remove_auto_add... OK
  Applying admin.0003_logentry_add_action_flag_choices... OK
  Applying contenttypes.0002_remove_content_type_name... OK
  Applying auth.0002_alter_permission_name_max_length... OK
  Applying auth.0003_alter_user_email_max_length... OK
  Applying auth.0004_alter_user_username_opts... OK
  Applying auth.0005_alter_user_last_login_null... OK
  Applying auth.0006_require_contenttypes_0002... OK
  Applying auth.0007_alter_validators_add_error_messages... OK
  Applying auth.0008_alter_user_username_max_length... OK
  Applying auth.0009_alter_user_last_name_max_length... OK
  Applying sessions.0001_initial... OK
  Applying testapp.0001_initial... OK

C:\Users\CHOTKA\Desktop\PYTHON\DjangoApps\ViewModelDBDjangoApp>
now db table is ready we can perforrm CURD PERATIONS

if u hit once again up command it will show like that not overwrite
C:\Users\CHOTKA\Desktop\PYTHON\DjangoApps\ViewModelDBDjangoApp>python manage.py migrate
Operations to perform:
  Apply all migrations: admin, auth, contenttypes, sessions, testapp
Running migrations:
  No migrations to apply.

C:\Users\CHOTKA\Desktop\PYTHON\DjangoApps\ViewModelDBDjangoApp>


------------------------------------------------------------------------------------------
# To create superUserInterface

C:\Users\CHOTKA\Desktop\PYTHON\DjangoApps\ViewModelDBDjangoApp>python manage.py createsuperuser
Username (leave blank to use 'chotka'): mithu
Email address: mk62833@gmail.com
Password:
Password (again):
This password is too short. It must contain at least 8 characters.
Bypass password validation and create user anyway? [y/N]: y
Superuser created successfully.

----------------------------------------------------------------------------
* NOTE-/>Register model to admin interface
open admin.py which is present in testapp application
admin.py
--------
from django.contrib import admin
from testapp.models import Employeee
# Register your models here.
admin.site.register(Employeee)
-------------------------------------------------------------------------------
  File "C:\Users\CHOTKA\AppData\Local\Programs\Python\Python37-32\lib\site-packages\django\contrib\admin\sites.py", line 102, in register
    for model in model_or_iterable:
TypeError: 'MediaDefiningClass' object is not iterable
getting these error solve these below process
we solve 
admin.site.register(Employeee)
#admin.site.register(EmployeeeAdmin)  LIKE WONT WORK
use below code------>
from django.contrib import admin
from testapp.models import Employeee
# Register your models here.
# if u want to display wholt data in table formate
# follow below INSTALLED_APPS
class EmployeeeAdmin(admin.ModelAdmin):
    list_display=['id','eno','ename','esal','eadd']

admin.site.register(Employeee,EmployeeeAdmin)
#admin.site.register(EmployeeeAdmin)  LIKE WONT WORK
------------------------------------------------------------


  
  
  
  
